
> digitalrise-marketing@0.1.0 build
> next build

ΓÜá Warning: Next.js inferred your workspace root, but it may not be correct.
 We detected multiple lockfiles and selected the directory of C:\Users\Lenovo\package-lock.json as the root directory.
 To silence this warning, set `turbopack.root` in your Next.js config, or consider removing one of the lockfiles if it's not needed.
   See https://nextjs.org/docs/app/api-reference/config/next-config-js/turbopack#root-directory for more information.
 Detected additional lockfiles: 
   * C:\Users\Lenovo\Desktop\New folder (4)\digitalrise-marketing\package-lock.json

Γû▓ Next.js 16.1.6 (Turbopack)

  Creating an optimized production build ...
Γ£ô Compiled successfully in 11.4s
  Running TypeScript ...
Failed to compile.

./app/page.tsx:48:19
Type error: Property 'iconify-icon' does not exist on type 'JSX.IntrinsicElements'.

  46 |                 <span className="relative z-10 flex items-center gap-3">
  47 |                   START YOUR ASCENT
> 48 |                   <iconify-icon icon="lucide:chevron-right" className="group-hover:translate-x-1 transition-transform"></iconify-icon>
     |                   ^
  49 |                 </span>
  50 |               </a>
  51 |
Next.js build worker exited with code: 1 and signal: null
